# Golden output of KeyEscape. Regenerate with:
#   go test ./internal/escape -update
# Format: <case name> <TAB> <quoted input> <TAB> <quoted escaped>
already-escaped	"__0x2f__"	"__0x5f___0x2f__"
ascii-1	"\x00\x01\x02\x03\x04\x05\x06\a\b\t\n\v\f\r\x0e\x0f"	"__0x0____0x1____0x2____0x3____0x4____0x5____0x6____0x7____0x8____0x9____0xa____0xb____0xc____0xd____0xe____0xf__"
ascii-2	"\x10\x11\x12\x13\x14\x15\x16\x17\x18\x19\x1a\x1b\x1c\x1d\x1e\x1f"	"__0x10____0x11____0x12____0x13____0x14____0x15____0x16____0x17____0x18____0x19____0x1a____0x1b____0x1c____0x1d____0x1e____0x1f__"
ascii-3	" !\"#$%&'()*+,-./"	" !__0x22__#$%&'()__0x2a__+,-.__0x2f__"
ascii-4	":;<=>?"	"__0x3a__;__0x3c__=__0x3e____0x3f__"
ascii-5	"@"	"@"
ascii-6	"[\\]^_"	"[__0x5c__]^_"
ascii-7	"`"	"`"
ascii-8	"{|}~\x7f"	"{__0x7c__}~\x7f"
backslash	"a\\b"	"a__0x5c__b"
backslashes	"foo\\bar\\baz"	"foo__0x5c__bar__0x5c__baz"
control-chars	"a\x00b\x1fc"	"a__0x0__b__0x1f__c"
del-is-not-escaped	"a\x7fb"	"a\x7fb"
dotdot-slash	"../etc/passwd"	"..__0x2f__etc/passwd"
dotdot-slash-mid	"a/../b"	"a/..__0x2f__b"
dotdotbackslash	"..\\foo\\..\\bar\\..\\..\\baz..\\"	"..__0x5c__foo__0x5c__..__0x5c__bar__0x5c__..__0x5c__..__0x5c__baz..__0x5c__"
dotdotslash	"../foo/../bar/../../baz../"	"..__0x2f__foo/..__0x2f__bar/..__0x2f__..__0x2f__baz..__0x2f__"
double-slash-mid	"a//b"	"a/__0x2f__b"
empty	""	""
escaped-looking-plain	"__0xzz__"	"__0xzz__"
fwdslashes	"foo/bar/baz"	"foo/bar/baz"
plain	"dir/sub/file.txt"	"dir/sub/file.txt"
quote	"foo\"bar\"baz"	"foo__0x22__bar__0x22__baz"
repeatedbackslashes	"..\\foo\\\\bar\\\\\\baz"	"..__0x5c__foo__0x5c____0x5c__bar__0x5c____0x5c____0x5c__baz"
repeatedfwdslashes	"foo//bar///baz"	"foo/__0x2f__bar/__0x2f____0x2f__baz"
spaces	"foo bar baz"	"foo bar baz"
startwithdigit	"12345"	"12345"
trailing-slash	"dir/"	"dir__0x2f__"
unicode	"☺☺☺"	"☺☺☺"
windows-reserved	"a<b>c:d\"e|f?g*h"	"a__0x3c__b__0x3e__c__0x3a__d__0x22__e__0x7c__f__0x3f__g__0x2a__h"
